PS E:\workspace\piano> git init
Initialized empty Git repository in E:/workspace/piano/.git/
PS E:\workspace\piano> git add README.md
PS E:\workspace\piano> git commit -m "first commit"
[master (root-commit) 8633ff4] first commit
 1 file changed, 0 insertions(+), 0 deletions(-)
 create mode 100644 README.md
PS E:\workspace\piano> git remote add origin git@github.com:aa1969/GF_sub.git    
PS E:\workspace\piano> git branch -M main     
PS E:\workspace\piano> git push -u origin main
git@github.com: Permission denied (publickey).
fatal: Could not read from remote repository.

Please make sure you have the correct access rights
and the repository exists.
PS E:\workspace\piano> ssh-keygen -t rsa -b 4096 -C "escape08221@gmail.com" 
Generating public/private rsa key pair.
Enter file in which to save the key (C:\Users\Child/.ssh/id_rsa): 
Enter passphrase (empty for no passphrase):
Enter same passphrase again:
Your identification has been saved in C:\Users\Child/.ssh/id_rsa
Your public key has been saved in C:\Users\Child/.ssh/id_rsa.pub
The key fingerprint is:
SHA256:gc3t82sTbSw+QDJY6NRAK3xa1p9K8b5Y0os1EOm5G4M escape08221@gmail.com
The key's randomart image is:
+---[RSA 4096]----+
|     .o+         |
|   .  o*oo       |
|    oo*oO .      |
|     *o.oO..     |
|    .   S+*  o   |
|       o *.oo +  |
|      E * *o.+   |
|         X +=.   |
|        + o..o   |
+----[SHA256]-----+